
> backend@1.0.0 test
> jest src/modules/integration/integration.test.ts

  console.log
    ◇ injected env (2) from .env // tip: ⌘ multiple files { path: ['.env.local', '.env'] }

      at _log (node_modules/dotenv/lib/main.js:131:11)

  console.log
    PostgreSQL Pool Connected

      at BoundPool.<anonymous> (src/config/database.ts:41:11)

  console.log
    [Security] Authenticated user: {"tenant_id":"tenant_A","username":"admin_user","iat":1778008898}

      at src/index.ts:29:15

  console.log
    [Security] Authenticated user: {"tenant_id":"tenant_A","username":"admin_user","iat":1778008898}

      at src/index.ts:29:15

  console.log
    [Security] Authenticated user: {"tenant_id":"tenant_A","username":"admin_user","iat":1778008898}

      at src/index.ts:29:15

  console.error
    [Integration Error] could not connect to server "server_tenant_A_Invalid_Store"

      79 |     res.status(201).json(result);
      80 |   } catch (err: any) {
    > 81 |     console.error(`[Integration Error] ${err.message}`);
         |             ^
      82 |     res.status(500).json({ error: err.message });
      83 |   }
      84 | });

      at src/index.ts:81:13

  console.log
    PostgreSQL Pool Connected

      at BoundPool.<anonymous> (src/config/database.ts:41:11)

  console.log
    [Security] Authenticated user: {"tenant_id":"tenant_A","username":"admin_user","iat":1778008898}

      at src/index.ts:29:15

  console.log
    [Integration] Attempting to drop server: server_tenant_A_Remote_Store

      at Function.removeSource (src/modules/integration/integration.service.ts:69:15)

  console.log
    --- SERVERS REMAINING --- [ { srvname: 'server_tenant_A_Remote_Store' } ]

      at Object.<anonymous> (src/modules/integration/integration.test.ts:101:13)

