
> backend@1.0.0 test
> jest src/modules/integration/integration.test.ts

  console.log
    ◇ injected env (2) from .env // tip: ⌘ enable debugging { debug: true }

      at _log (node_modules/dotenv/lib/main.js:131:11)

  console.log
    PostgreSQL Pool Connected

      at BoundPool.<anonymous> (src/config/database.ts:41:11)

  console.log
    [Security] Authenticated user: {"tenant_id":"tenant_A","username":"admin_user","iat":1778008792}

      at src/index.ts:29:15

  console.error
    [Integration Error] relation "pg_stat_statements_info" already exists

      79 |     res.status(201).json(result);
      80 |   } catch (err: any) {
    > 81 |     console.error(`[Integration Error] ${err.message}`);
         |             ^
      82 |     res.status(500).json({ error: err.message });
      83 |   }
      84 | });

      at src/index.ts:81:13

  console.log
    [Security] Authenticated user: {"tenant_id":"tenant_A","username":"admin_user","iat":1778008792}

      at src/index.ts:29:15

  console.log
    PostgreSQL Pool Connected

      at BoundPool.<anonymous> (src/config/database.ts:41:11)

  console.error
    [Integration Error] relation "pg_stat_statements_info" already exists

      79 |     res.status(201).json(result);
      80 |   } catch (err: any) {
    > 81 |     console.error(`[Integration Error] ${err.message}`);
         |             ^
      82 |     res.status(500).json({ error: err.message });
      83 |   }
      84 | });

      at src/index.ts:81:13

  console.log
    [Security] Authenticated user: {"tenant_id":"tenant_A","username":"admin_user","iat":1778008792}

      at src/index.ts:29:15

  console.log
    PostgreSQL Pool Connected

      at BoundPool.<anonymous> (src/config/database.ts:41:11)

  console.error
    [Integration Error] could not connect to server "server_tenant_A_Invalid_Store"

      79 |     res.status(201).json(result);
      80 |   } catch (err: any) {
    > 81 |     console.error(`[Integration Error] ${err.message}`);
         |             ^
      82 |     res.status(500).json({ error: err.message });
      83 |   }
      84 | });

      at src/index.ts:81:13

  console.log
    PostgreSQL Pool Connected

      at BoundPool.<anonymous> (src/config/database.ts:41:11)

  console.log
    [Security] Authenticated user: {"tenant_id":"tenant_A","username":"admin_user","iat":1778008792}

      at src/index.ts:29:15

FAIL src/modules/integration/integration.test.ts (8.064 s)
  Module 1/3: Data Integration & Virtualization
    ✕ should successfully register a virtualized PostgreSQL source (1058 ms)
    ✕ should be idempotent and allow re-registration of the same source (1286 ms)
    ✓ should return 500 when registering with an invalid configuration (535 ms)
    ✕ should successfully remove a virtualized source and cleanup FDW servers (447 ms)
    ✓ should prevent registration without a valid authorization token (11 ms)

  ● Module 1/3: Data Integration & Virtualization › should successfully register a virtualized PostgreSQL source

    expect(received).toBe(expected) // Object.is equality

    Expected: 201
    Received: 500

      35 |       });
      36 |
    > 37 |     expect(res.status).toBe(201);
         |                        ^
      38 |     expect(res.body.status).toBe('INTEGRATED');
      39 |     
      40 |     // Verify in DB

      at Object.<anonymous> (src/modules/integration/integration.test.ts:37:24)

  ● Module 1/3: Data Integration & Virtualization › should be idempotent and allow re-registration of the same source

    expect(received).toBe(expected) // Object.is equality

    Expected: 201
    Received: 500

      61 |       });
      62 |
    > 63 |     expect(res.status).toBe(201); // Should still succeed
         |                        ^
      64 |   });
      65 |
      66 |   it('should return 500 when registering with an invalid configuration', async () => {

      at Object.<anonymous> (src/modules/integration/integration.test.ts:63:24)

  ● Module 1/3: Data Integration & Virtualization › should successfully remove a virtualized source and cleanup FDW servers

    expect(received).toBe(expected) // Object.is equality

    Expected: 0
    Received: 1

       99 |     // Verify FDW cleanup (mocked check)
      100 |     const { rows: servers } = await pool.query("SELECT * FROM pg_foreign_server WHERE srvname = 'server_tenant_A_Remote_Store'");
    > 101 |     expect(servers.length).toBe(0);
          |                            ^
      102 |   });
      103 |
      104 |   it('should prevent registration without a valid authorization token', async () => {

      at Object.<anonymous> (src/modules/integration/integration.test.ts:101:28)

Test Suites: 1 failed, 1 total
Tests:       3 failed, 2 passed, 5 total
Snapshots:   0 total
Time:        8.927 s, estimated 33 s
Ran all test suites matching /src\/modules\/integration\/integration.test.ts/i.
Force exiting Jest: Have you considered using `--detectOpenHandles` to detect async operations that kept running after all tests finished?
