
> backend@1.0.0 test
> jest src/modules/security/security.test.ts

  console.log
    ◇ injected env (2) from .env // tip: ⌘ override existing { override: true }

      at _log (node_modules/dotenv/lib/main.js:131:11)

  console.log
    PostgreSQL Pool Connected

      at BoundPool.<anonymous> (src/config/database.ts:41:11)

  console.log
    [Security] Authenticated user: {"tenant_id":"tenant_A","username":"user_A","iat":1778009090}

      at src/index.ts:29:15

  console.log
    [Security] Authenticated user: {"tenant_id":"tenant_B","username":"user_B","iat":1778009090}

      at src/index.ts:29:15

  console.log
    [Security] Authenticated user: {"tenant_id":"tenant_A","username":"user_A","iat":1778009090}

      at src/index.ts:29:15

  console.error
    [Integration Error] new row violates row-level security policy for table "data_sources"

      79 |     res.status(201).json(result);
      80 |   } catch (err: any) {
    > 81 |     console.error(`[Integration Error] ${err.message}`);
         |             ^
      82 |     res.status(500).json({ error: err.message });
      83 |   }
      84 | });

      at src/index.ts:81:13

  console.log
    [Security] Authenticated user: {"tenant_id":"tenant_A","username":"user_A","iat":1778009090}

      at src/index.ts:29:15

  console.log
    [Sync] Initializing Physical CDC Sync for Audit Test Source

      at Function.initializeSync (src/modules/sync/sync.service.ts:19:15)

  console.error
    [Integration Error] syntax error at or near "Test"

      79 |     res.status(201).json(result);
      80 |   } catch (err: any) {
    > 81 |     console.error(`[Integration Error] ${err.message}`);
         |             ^
      82 |     res.status(500).json({ error: err.message });
      83 |   }
      84 | });

      at src/index.ts:81:13

  console.log
    --- LATEST AUDIT LOG --- {
      id: '1a5874b7-2d01-4437-bcfa-f2d1833c97b4',
      tenant_id: 'tenant_A',
      user_name: 'user_A',
      action: 'INSERT',
      table_name: 'data_sources',
      row_id: '73bfa6c1-3dfc-4000-be0c-1f96f56f801c',
      old_data: null,
      new_data: {
        id: '73bfa6c1-3dfc-4000-be0c-1f96f56f801c',
        name: 'Audit Test Source',
        type: 'POSTGRES',
        config: { host: 'localhost' },
        status: 'ACTIVE',
        tenant_id: 'tenant_A',
        created_at: '2026-05-05T19:24:51.28619'
      },
      changed_at: 2026-05-05T13:54:51.286Z,
      client_ip: null
    }

      at Object.<anonymous> (src/modules/security/security.test.ts:88:15)

  console.log
    --- TABLES IN fabric_catalog --- [ { table_name: 'metadata' }, { table_name: 'quality_metrics' } ]

      at Object.<anonymous> (src/modules/security/security.test.ts:100:15)

  console.log
    PostgreSQL Pool Connected

      at BoundPool.<anonymous> (src/config/database.ts:41:11)

