
> backend@1.0.0 test
> jest src/modules/security/security.test.ts

  console.log
    ◇ injected env (2) from .env // tip: ⌁ auth for agents [www.vestauth.com]

      at _log (node_modules/dotenv/lib/main.js:131:11)

  console.log
    PostgreSQL Pool Connected

      at BoundPool.<anonymous> (src/config/database.ts:41:11)

  console.log
    [Security] Authenticated user: {"tenant_id":"tenant_A","username":"user_A","iat":1778009331}

      at src/index.ts:29:15

  console.log
    [Security] Authenticated user: {"tenant_id":"tenant_B","username":"user_B","iat":1778009331}

      at src/index.ts:29:15

  console.log
    [Security] Authenticated user: {"tenant_id":"tenant_A","username":"user_A","iat":1778009331}

      at src/index.ts:29:15

  console.error
    [Integration Error] new row violates row-level security policy for table "data_sources"

      79 |     res.status(201).json(result);
      80 |   } catch (err: any) {
    > 81 |     console.error(`[Integration Error] ${err.message}`);
         |             ^
      82 |     res.status(500).json({ error: err.message });
      83 |   }
      84 | });

      at src/index.ts:81:13

  console.log
    [Security] Authenticated user: {"tenant_id":"tenant_A","username":"user_A","iat":1778009331}

      at src/index.ts:29:15

  console.log
    [Sync] Initializing Physical CDC Sync for Audit Test Source

      at Function.initializeSync (src/modules/sync/sync.service.ts:19:15)

  console.error
    [Integration Error] syntax error at or near "Test"

      79 |     res.status(201).json(result);
      80 |   } catch (err: any) {
    > 81 |     console.error(`[Integration Error] ${err.message}`);
         |             ^
      82 |     res.status(500).json({ error: err.message });
      83 |   }
      84 | });

      at src/index.ts:81:13

  console.log
    --- LATEST AUDIT LOG --- {
      id: 'ae4ad217-c34c-4815-988a-692845928360',
      tenant_id: 'tenant_A',
      user_name: 'user_A',
      action: 'INSERT',
      table_name: 'data_sources',
      row_id: '2e5dda27-b569-44fe-93b4-f12e4335149b',
      old_data: null,
      new_data: {
        id: '2e5dda27-b569-44fe-93b4-f12e4335149b',
        name: 'Audit Test Source',
        type: 'POSTGRES',
        config: { host: 'localhost' },
        status: 'ACTIVE',
        tenant_id: 'tenant_A',
        created_at: '2026-05-05T19:28:51.997693'
      },
      changed_at: 2026-05-05T13:58:51.997Z,
      client_ip: null
    }

      at Object.<anonymous> (src/modules/security/security.test.ts:88:15)

  console.log
    --- DB INFO --- [ { current_database: 'datafabric', current_user: 'fabric_admin' } ]

      at Object.<anonymous> (src/modules/security/security.test.ts:100:15)

  console.log
    --- METADATA TABLES FOUND --- [ { table_schema: 'fabric_catalog', table_name: 'metadata' } ]

      at Object.<anonymous> (src/modules/security/security.test.ts:103:15)

  console.log
    PostgreSQL Pool Connected

      at BoundPool.<anonymous> (src/config/database.ts:41:11)

