
> backend@1.0.0 test
> jest

  console.log
    ◇ injected env (2) from .env // tip: ⌘ override existing { override: true }

      at _log (node_modules/dotenv/lib/main.js:131:11)

  console.log
    ◇ injected env (2) from .env // tip: ⌘ override existing { override: true }

      at _log (node_modules/dotenv/lib/main.js:131:11)

  console.log
    PostgreSQL Pool Connected

      at BoundPool.<anonymous> (src/config/database.ts:11:11)

  console.log
    PostgreSQL Pool Connected

      at BoundPool.<anonymous> (src/config/database.ts:11:11)

  console.error
    [Tenant] Provisioning failed: duplicate key value violates unique constraint "tenants_pkey"

      25 |     } catch (err: any) {
      26 |       await client.query('ROLLBACK');
    > 27 |       console.error(`[Tenant] Provisioning failed: ${err.message}`);
         |               ^
      28 |       throw err;
      29 |     } finally {
      30 |       client.release();

      at Function.createTenant (src/modules/tenant/tenant.service.ts:27:15)
      at src/index.ts:35:20

PASS src/modules/tenant/tenant.test.ts
  Module 1: Tenant Management
    ✓ should create a new tenant (529 ms)
    ✓ should fail to create a duplicate tenant (30 ms)
    ✓ should delete a tenant (435 ms)

  console.log
    PostgreSQL Pool Connected

      at BoundPool.<anonymous> (src/config/database.ts:11:11)

FAIL src/modules/query-engine/query-engine.test.ts
  Module 2: Query Engine
    ✕ should create a table via DDL (318 ms)
    ✕ should insert data via DML (104 ms)
    ✕ should select data via DQL (31 ms)
    ✕ should execute async query (9 ms)

  ● Module 2: Query Engine › should create a table via DDL

    expect(received).toHaveProperty(path, value)

    Expected path: "status"
    Received path: []

    Expected value: "SUCCESS"
    Received value: {"data": {"command": "CREATE", "status": "SUCCESS", "target": "\"tenant_query_test_tenant\".\"test_table\""}}

      36 |
      37 |     expect(res.status).toBe(200);
    > 38 |     expect(res.body).toHaveProperty('status', 'SUCCESS');
         |                      ^
      39 |   });
      40 |
      41 |   it('should insert data via DML', async () => {

      at Object.<anonymous> (src/modules/query-engine/query-engine.test.ts:38:22)

  ● Module 2: Query Engine › should insert data via DML

    expect(received).toHaveProperty(path)

    Expected path: "returning"
    Received path: []

    Received value: {"data": {"command": "INSERT", "returning": [{"data": "hello jest", "id": 1}], "rowCount": 1}}

      52 |
      53 |     expect(res.status).toBe(200);
    > 54 |     expect(res.body).toHaveProperty('returning');
         |                      ^
      55 |     expect(res.body.returning[0]).toHaveProperty('data', 'hello jest');
      56 |   });
      57 |

      at Object.<anonymous> (src/modules/query-engine/query-engine.test.ts:54:22)

  ● Module 2: Query Engine › should select data via DQL

    expect(received).toBe(expected) // Object.is equality

    Expected: true
    Received: false

      69 |
      70 |     expect(res.status).toBe(200);
    > 71 |     expect(Array.isArray(res.body)).toBe(true);
         |                                     ^
      72 |     expect(res.body[0]).toHaveProperty('data', 'hello jest');
      73 |   });
      74 |

      at Object.<anonymous> (src/modules/query-engine/query-engine.test.ts:71:37)

  ● Module 2: Query Engine › should execute async query

    expect(received).toBe(expected) // Object.is equality

    Expected: 200
    Received: 202

      84 |       });
      85 |
    > 86 |     expect(res.status).toBe(200);
         |                        ^
      87 |     expect(res.body).toHaveProperty('jobId');
      88 |
      89 |     const jobId = res.body.jobId;

      at Object.<anonymous> (src/modules/query-engine/query-engine.test.ts:86:24)

A worker process has failed to exit gracefully and has been force exited. This is likely caused by tests leaking due to improper teardown. Try running with --detectOpenHandles to find leaks. Active timers can also cause this, ensure that .unref() was called on them.
Test Suites: 1 failed, 1 passed, 2 total
Tests:       4 failed, 3 passed, 7 total
Snapshots:   0 total
Time:        6.578 s, estimated 46 s
Ran all test suites.
Force exiting Jest: Have you considered using `--detectOpenHandles` to detect async operations that kept running after all tests finished?
